16:54:37 **** Build of project standalone_bsp_0 ****
make -k all 
"Running Make include in ps7_cortexa9_0/libsrc/coresightps_dcc_v1_4/src"
make -C ps7_cortexa9_0/libsrc/coresightps_dcc_v1_4/src -s include  "SHELL=CMD" "COMPILER=arm-none-eabi-gcc" "ARCHIVER=arm-none-eabi-ar" "COMPILER_FLAGS=  -O2 -c" "EXTRA_COMPILER_FLAGS=-mcpu=cortex-a9 -mfpu=vfpv3 -mfloat-abi=hard -nostartfiles -Wall -Wextra"
"Running Make include in ps7_cortexa9_0/libsrc/cpu_cortexa9_v2_5/src"
make -C ps7_cortexa9_0/libsrc/cpu_cortexa9_v2_5/src -s include  "SHELL=CMD" "COMPILER=arm-none-eabi-gcc" "ARCHIVER=arm-none-eabi-ar" "COMPILER_FLAGS=  -O2 -c" "EXTRA_COMPILER_FLAGS=-mcpu=cortex-a9 -mfpu=vfpv3 -mfloat-abi=hard -nostartfiles -Wall -Wextra"
"Running Make include in ps7_cortexa9_0/libsrc/ddrps_v1_0/src"
make -C ps7_cortexa9_0/libsrc/ddrps_v1_0/src -s include  "SHELL=CMD" "COMPILER=arm-none-eabi-gcc" "ARCHIVER=arm-none-eabi-ar" "COMPILER_FLAGS=  -O2 -c" "EXTRA_COMPILER_FLAGS=-mcpu=cortex-a9 -mfpu=vfpv3 -mfloat-abi=hard -nostartfiles -Wall -Wextra"
"Running Make include in ps7_cortexa9_0/libsrc/devcfg_v3_5/src"
make -C ps7_cortexa9_0/libsrc/devcfg_v3_5/src -s include  "SHELL=CMD" "COMPILER=arm-none-eabi-gcc" "ARCHIVER=arm-none-eabi-ar" "COMPILER_FLAGS=  -O2 -c" "EXTRA_COMPILER_FLAGS=-mcpu=cortex-a9 -mfpu=vfpv3 -mfloat-abi=hard -nostartfiles -Wall -Wextra"
"Running Make include in ps7_cortexa9_0/libsrc/dmaps_v2_3/src"
make -C ps7_cortexa9_0/libsrc/dmaps_v2_3/src -s include  "SHELL=CMD" "COMPILER=arm-none-eabi-gcc" "ARCHIVER=arm-none-eabi-ar" "COMPILER_FLAGS=  -O2 -c" "EXTRA_COMPILER_FLAGS=-mcpu=cortex-a9 -mfpu=vfpv3 -mfloat-abi=hard -nostartfiles -Wall -Wextra"
"Running Make include in ps7_cortexa9_0/libsrc/gpiops_v3_3/src"
make -C ps7_cortexa9_0/libsrc/gpiops_v3_3/src -s include  "SHELL=CMD" "COMPILER=arm-none-eabi-gcc" "ARCHIVER=arm-none-eabi-ar" "COMPILER_FLAGS=  -O2 -c" "EXTRA_COMPILER_FLAGS=-mcpu=cortex-a9 -mfpu=vfpv3 -mfloat-abi=hard -nostartfiles -Wall -Wextra"
"Running Make include in ps7_cortexa9_0/libsrc/llfifo_v5_2/src"
make -C ps7_cortexa9_0/libsrc/llfifo_v5_2/src -s include  "SHELL=CMD" "COMPILER=arm-none-eabi-gcc" "ARCHIVER=arm-none-eabi-ar" "COMPILER_FLAGS=  -O2 -c" "EXTRA_COMPILER_FLAGS=-mcpu=cortex-a9 -mfpu=vfpv3 -mfloat-abi=hard -nostartfiles -Wall -Wextra"
"Running Make include in ps7_cortexa9_0/libsrc/qspips_v3_4/src"
make -C ps7_cortexa9_0/libsrc/qspips_v3_4/src -s include  "SHELL=CMD" "COMPILER=arm-none-eabi-gcc" "ARCHIVER=arm-none-eabi-ar" "COMPILER_FLAGS=  -O2 -c" "EXTRA_COMPILER_FLAGS=-mcpu=cortex-a9 -mfpu=vfpv3 -mfloat-abi=hard -nostartfiles -Wall -Wextra"
"Running Make include in ps7_cortexa9_0/libsrc/scugic_v3_8/src"
make -C ps7_cortexa9_0/libsrc/scugic_v3_8/src -s include  "SHELL=CMD" "COMPILER=arm-none-eabi-gcc" "ARCHIVER=arm-none-eabi-ar" "COMPILER_FLAGS=  -O2 -c" "EXTRA_COMPILER_FLAGS=-mcpu=cortex-a9 -mfpu=vfpv3 -mfloat-abi=hard -nostartfiles -Wall -Wextra"
"Running Make include in ps7_cortexa9_0/libsrc/scutimer_v2_1/src"
make -C ps7_cortexa9_0/libsrc/scutimer_v2_1/src -s include  "SHELL=CMD" "COMPILER=arm-none-eabi-gcc" "ARCHIVER=arm-none-eabi-ar" "COMPILER_FLAGS=  -O2 -c" "EXTRA_COMPILER_FLAGS=-mcpu=cortex-a9 -mfpu=vfpv3 -mfloat-abi=hard -nostartfiles -Wall -Wextra"
"Running Make include in ps7_cortexa9_0/libsrc/scuwdt_v2_1/src"
make -C ps7_cortexa9_0/libsrc/scuwdt_v2_1/src -s include  "SHELL=CMD" "COMPILER=arm-none-eabi-gcc" "ARCHIVER=arm-none-eabi-ar" "COMPILER_FLAGS=  -O2 -c" "EXTRA_COMPILER_FLAGS=-mcpu=cortex-a9 -mfpu=vfpv3 -mfloat-abi=hard -nostartfiles -Wall -Wextra"
"Running Make include in ps7_cortexa9_0/libsrc/standalone_v6_5/src"
make -C ps7_cortexa9_0/libsrc/standalone_v6_5/src -s include  "SHELL=CMD" "COMPILER=arm-none-eabi-gcc" "ARCHIVER=arm-none-eabi-ar" "COMPILER_FLAGS=  -O2 -c" "EXTRA_COMPILER_FLAGS=-mcpu=cortex-a9 -mfpu=vfpv3 -mfloat-abi=hard -nostartfiles -Wall -Wextra"
"Running Make include in ps7_cortexa9_0/libsrc/uartps_v3_5/src"
make -C ps7_cortexa9_0/libsrc/uartps_v3_5/src -s include  "SHELL=CMD" "COMPILER=arm-none-eabi-gcc" "ARCHIVER=arm-none-eabi-ar" "COMPILER_FLAGS=  -O2 -c" "EXTRA_COMPILER_FLAGS=-mcpu=cortex-a9 -mfpu=vfpv3 -mfloat-abi=hard -nostartfiles -Wall -Wextra"
"Running Make include in ps7_cortexa9_0/libsrc/xadcps_v2_2/src"
make -C ps7_cortexa9_0/libsrc/xadcps_v2_2/src -s include  "SHELL=CMD" "COMPILER=arm-none-eabi-gcc" "ARCHIVER=arm-none-eabi-ar" "COMPILER_FLAGS=  -O2 -c" "EXTRA_COMPILER_FLAGS=-mcpu=cortex-a9 -mfpu=vfpv3 -mfloat-abi=hard -nostartfiles -Wall -Wextra"
"Running Make libs in ps7_cortexa9_0/libsrc/coresightps_dcc_v1_4/src"
make -C ps7_cortexa9_0/libsrc/coresightps_dcc_v1_4/src -s libs  "SHELL=CMD" "COMPILER=arm-none-eabi-gcc" "ARCHIVER=arm-none-eabi-ar" "COMPILER_FLAGS=  -O2 -c" "EXTRA_COMPILER_FLAGS=-mcpu=cortex-a9 -mfpu=vfpv3 -mfloat-abi=hard -nostartfiles -Wall -Wextra"
"Compiling coresightps_dcc"
arm-none-eabi-ar: creating ../../../lib/libxil.a
"Running Make libs in ps7_cortexa9_0/libsrc/cpu_cortexa9_v2_5/src"
make -C ps7_cortexa9_0/libsrc/cpu_cortexa9_v2_5/src -s libs  "SHELL=CMD" "COMPILER=arm-none-eabi-gcc" "ARCHIVER=arm-none-eabi-ar" "COMPILER_FLAGS=  -O2 -c" "EXTRA_COMPILER_FLAGS=-mcpu=cortex-a9 -mfpu=vfpv3 -mfloat-abi=hard -nostartfiles -Wall -Wextra"
"Compiling cpu_cortexa9"
"Running Make libs in ps7_cortexa9_0/libsrc/ddrps_v1_0/src"
make -C ps7_cortexa9_0/libsrc/ddrps_v1_0/src -s libs  "SHELL=CMD" "COMPILER=arm-none-eabi-gcc" "ARCHIVER=arm-none-eabi-ar" "COMPILER_FLAGS=  -O2 -c" "EXTRA_COMPILER_FLAGS=-mcpu=cortex-a9 -mfpu=vfpv3 -mfloat-abi=hard -nostartfiles -Wall -Wextra"
"Compiling ddrps"
"Running Make libs in ps7_cortexa9_0/libsrc/devcfg_v3_5/src"
make -C ps7_cortexa9_0/libsrc/devcfg_v3_5/src -s libs  "SHELL=CMD" "COMPILER=arm-none-eabi-gcc" "ARCHIVER=arm-none-eabi-ar" "COMPILER_FLAGS=  -O2 -c" "EXTRA_COMPILER_FLAGS=-mcpu=cortex-a9 -mfpu=vfpv3 -mfloat-abi=hard -nostartfiles -Wall -Wextra"
"Compiling devcfg"
"Running Make libs in ps7_cortexa9_0/libsrc/dmaps_v2_3/src"
make -C ps7_cortexa9_0/libsrc/dmaps_v2_3/src -s libs  "SHELL=CMD" "COMPILER=arm-none-eabi-gcc" "ARCHIVER=arm-none-eabi-ar" "COMPILER_FLAGS=  -O2 -c" "EXTRA_COMPILER_FLAGS=-mcpu=cortex-a9 -mfpu=vfpv3 -mfloat-abi=hard -nostartfiles -Wall -Wextra"
"Compiling dmaps"
"Running Make libs in ps7_cortexa9_0/libsrc/gpiops_v3_3/src"
make -C ps7_cortexa9_0/libsrc/gpiops_v3_3/src -s libs  "SHELL=CMD" "COMPILER=arm-none-eabi-gcc" "ARCHIVER=arm-none-eabi-ar" "COMPILER_FLAGS=  -O2 -c" "EXTRA_COMPILER_FLAGS=-mcpu=cortex-a9 -mfpu=vfpv3 -mfloat-abi=hard -nostartfiles -Wall -Wextra"
"Compiling gpiops"
"Running Make libs in ps7_cortexa9_0/libsrc/llfifo_v5_2/src"
make -C ps7_cortexa9_0/libsrc/llfifo_v5_2/src -s libs  "SHELL=CMD" "COMPILER=arm-none-eabi-gcc" "ARCHIVER=arm-none-eabi-ar" "COMPILER_FLAGS=  -O2 -c" "EXTRA_COMPILER_FLAGS=-mcpu=cortex-a9 -mfpu=vfpv3 -mfloat-abi=hard -nostartfiles -Wall -Wextra"
"Compiling llfifo"
"Running Make libs in ps7_cortexa9_0/libsrc/qspips_v3_4/src"
make -C ps7_cortexa9_0/libsrc/qspips_v3_4/src -s libs  "SHELL=CMD" "COMPILER=arm-none-eabi-gcc" "ARCHIVER=arm-none-eabi-ar" "COMPILER_FLAGS=  -O2 -c" "EXTRA_COMPILER_FLAGS=-mcpu=cortex-a9 -mfpu=vfpv3 -mfloat-abi=hard -nostartfiles -Wall -Wextra"
"Compiling qspips"
"Running Make libs in ps7_cortexa9_0/libsrc/scugic_v3_8/src"
make -C ps7_cortexa9_0/libsrc/scugic_v3_8/src -s libs  "SHELL=CMD" "COMPILER=arm-none-eabi-gcc" "ARCHIVER=arm-none-eabi-ar" "COMPILER_FLAGS=  -O2 -c" "EXTRA_COMPILER_FLAGS=-mcpu=cortex-a9 -mfpu=vfpv3 -mfloat-abi=hard -nostartfiles -Wall -Wextra"
"Compiling scugic"
"Running Make libs in ps7_cortexa9_0/libsrc/scutimer_v2_1/src"
make -C ps7_cortexa9_0/libsrc/scutimer_v2_1/src -s libs  "SHELL=CMD" "COMPILER=arm-none-eabi-gcc" "ARCHIVER=arm-none-eabi-ar" "COMPILER_FLAGS=  -O2 -c" "EXTRA_COMPILER_FLAGS=-mcpu=cortex-a9 -mfpu=vfpv3 -mfloat-abi=hard -nostartfiles -Wall -Wextra"
"Compiling scutimer"
"Running Make libs in ps7_cortexa9_0/libsrc/scuwdt_v2_1/src"
make -C ps7_cortexa9_0/libsrc/scuwdt_v2_1/src -s libs  "SHELL=CMD" "COMPILER=arm-none-eabi-gcc" "ARCHIVER=arm-none-eabi-ar" "COMPILER_FLAGS=  -O2 -c" "EXTRA_COMPILER_FLAGS=-mcpu=cortex-a9 -mfpu=vfpv3 -mfloat-abi=hard -nostartfiles -Wall -Wextra"
"Compiling scuwdt"
"Running Make libs in ps7_cortexa9_0/libsrc/standalone_v6_5/src"
make -C ps7_cortexa9_0/libsrc/standalone_v6_5/src -s libs  "SHELL=CMD" "COMPILER=arm-none-eabi-gcc" "ARCHIVER=arm-none-eabi-ar" "COMPILER_FLAGS=  -O2 -c" "EXTRA_COMPILER_FLAGS=-mcpu=cortex-a9 -mfpu=vfpv3 -mfloat-abi=hard -nostartfiles -Wall -Wextra"
"Compiling standalone"
"Running Make libs in ps7_cortexa9_0/libsrc/uartps_v3_5/src"
make -C ps7_cortexa9_0/libsrc/uartps_v3_5/src -s libs  "SHELL=CMD" "COMPILER=arm-none-eabi-gcc" "ARCHIVER=arm-none-eabi-ar" "COMPILER_FLAGS=  -O2 -c" "EXTRA_COMPILER_FLAGS=-mcpu=cortex-a9 -mfpu=vfpv3 -mfloat-abi=hard -nostartfiles -Wall -Wextra"
"Compiling uartps"
"Running Make libs in ps7_cortexa9_0/libsrc/xadcps_v2_2/src"
make -C ps7_cortexa9_0/libsrc/xadcps_v2_2/src -s libs  "SHELL=CMD" "COMPILER=arm-none-eabi-gcc" "ARCHIVER=arm-none-eabi-ar" "COMPILER_FLAGS=  -O2 -c" "EXTRA_COMPILER_FLAGS=-mcpu=cortex-a9 -mfpu=vfpv3 -mfloat-abi=hard -nostartfiles -Wall -Wextra"
"Compiling xadcps"
'Finished building libraries'

**** Build of configuration Debug for project poj1 ****

Nothing to build for project poj1
16:56:26 **** Auto Build of configuration Debug for project poj1 ****
make pre-build main-build 
a9-linaro-pre-build-step
' '
'Building file: ../src/my_axis_fifo.c'
'Invoking: ARM v7 gcc compiler'
arm-none-eabi-gcc -Wall -O0 -g3 -c -fmessage-length=0 -MT"src/my_axis_fifo.o" -mcpu=cortex-a9 -mfpu=vfpv3 -mfloat-abi=hard -I../../standalone_bsp_0/ps7_cortexa9_0/include -MMD -MP -MF"src/my_axis_fifo.d" -MT"src/my_axis_fifo.o" -o "src/my_axis_fifo.o" "../src/my_axis_fifo.c"
'Finished building: ../src/my_axis_fifo.c'
' '
'Building target: poj1.elf'
'Invoking: ARM v7 gcc linker'
arm-none-eabi-gcc -mcpu=cortex-a9 -mfpu=vfpv3 -mfloat-abi=hard -Wl,-build-id=none -specs=Xilinx.spec -Wl,-T -Wl,../src/lscript.ld -L../../standalone_bsp_0/ps7_cortexa9_0/lib -o "poj1.elf"  ./src/my_axis_fifo.o   -Wl,--start-group,-lxil,-lgcc,-lc,--end-group
../../standalone_bsp_0/ps7_cortexa9_0/lib\libxil.a(xil-crt0.o): In function `_start':
xil-crt0.S:(.text+0x68): undefined reference to `main'
collect2.exe: error: ld returned 1 exit status
make: ** [poj1.elf] Erro 1
16:56:47 **** Auto Build of configuration Debug for project poj1 ****
make pre-build main-build 
a9-linaro-pre-build-step
' '
'Building file: ../src/my_axis_fifo.c'
'Invoking: ARM v7 gcc compiler'
arm-none-eabi-gcc -Wall -O0 -g3 -c -fmessage-length=0 -MT"src/my_axis_fifo.o" -mcpu=cortex-a9 -mfpu=vfpv3 -mfloat-abi=hard -I../../standalone_bsp_0/ps7_cortexa9_0/include -MMD -MP -MF"src/my_axis_fifo.d" -MT"src/my_axis_fifo.o" -o "src/my_axis_fifo.o" "../src/my_axis_fifo.c"
'Finished building: ../src/my_axis_fifo.c'
' '
'Building target: poj1.elf'
'Invoking: ARM v7 gcc linker'
arm-none-eabi-gcc -mcpu=cortex-a9 -mfpu=vfpv3 -mfloat-abi=hard -Wl,-build-id=none -specs=Xilinx.spec -Wl,-T -Wl,../src/lscript.ld -L../../standalone_bsp_0/ps7_cortexa9_0/lib -o "poj1.elf"  ./src/my_axis_fifo.o   -Wl,--start-group,-lxil,-lgcc,-lc,--end-group
../../standalone_bsp_0/ps7_cortexa9_0/lib\libxil.a(xil-crt0.o): In function `_start':
xil-crt0.S:(.text+0x68): undefined reference to `main'
collect2.exe: error: ld returned 1 exit status
make: ** [poj1.elf] Erro 1
16:57:06 **** Auto Build of configuration Debug for project poj1 ****
make pre-build main-build 
a9-linaro-pre-build-step
' '
'Building file: ../src/proj1.c'
'Invoking: ARM v7 gcc compiler'
arm-none-eabi-gcc -Wall -O0 -g3 -c -fmessage-length=0 -MT"src/proj1.o" -mcpu=cortex-a9 -mfpu=vfpv3 -mfloat-abi=hard -I../../standalone_bsp_0/ps7_cortexa9_0/include -MMD -MP -MF"src/proj1.d" -MT"src/proj1.o" -o "src/proj1.o" "../src/proj1.c"
'Finished building: ../src/proj1.c'
' '
'Building target: poj1.elf'
'Invoking: ARM v7 gcc linker'
arm-none-eabi-gcc -mcpu=cortex-a9 -mfpu=vfpv3 -mfloat-abi=hard -Wl,-build-id=none -specs=Xilinx.spec -Wl,-T -Wl,../src/lscript.ld -L../../standalone_bsp_0/ps7_cortexa9_0/lib -o "poj1.elf"  ./src/my_axis_fifo.o ./src/proj1.o   -Wl,--start-group,-lxil,-lgcc,-lc,--end-group
../../standalone_bsp_0/ps7_cortexa9_0/lib\libxil.a(xil-crt0.o): In function `_start':
xil-crt0.S:(.text+0x68): undefined reference to `main'
collect2.exe: error: ld returned 1 exit status
make: ** [poj1.elf] Erro 1
16:57:41 **** Auto Build of configuration Debug for project poj1 ****
make pre-build main-build 
a9-linaro-pre-build-step
' '
'Building file: ../src/proj1.c'
'Invoking: ARM v7 gcc compiler'
arm-none-eabi-gcc -Wall -O0 -g3 -c -fmessage-length=0 -MT"src/proj1.o" -mcpu=cortex-a9 -mfpu=vfpv3 -mfloat-abi=hard -I../../standalone_bsp_0/ps7_cortexa9_0/include -MMD -MP -MF"src/proj1.d" -MT"src/proj1.o" -o "src/proj1.o" "../src/proj1.c"
../src/proj1.c: In function 'convolution':
../src/proj1.c:65:7: error: 'c' undeclared (first use in this function)
       c=0;
       ^
../src/proj1.c:65:7: note: each undeclared identifier is reported only once for each function it appears in
../src/proj1.c:50:19: warning: unused variable 'aux1' [-Wunused-variable]
  int i, j, k1,k2, aux1, count;
                   ^~~~
../src/proj1.c: In function 'main':
../src/proj1.c:90:28: error: 'MATC_START_ADD' undeclared (first use in this function)
   memC = (unsigned char *)(MATC_START_ADD);
                            ^~~~~~~~~~~~~~
../src/proj1.c:121:64: warning: format '%d' expects a matching 'int' argument [-Wformat=]
    printf("Error: Able to send only %d words (%d) < requested %d\n", nwords, N3*N3*N2); //Nao enviou as 24*24*25 posicoes da matriz
                                                                ^
../src/proj1.c:128:67: warning: format '%d' expects a matching 'int' argument [-Wformat=]
    printf("Error: Able to receive only %d words (%d) < requested %d\n", nwords, N2*N2); //Nao recebou 24*24 posicoes da matriz
                                                                   ^
make: ** [src/proj1.o] Erro 1
16:58:04 **** Auto Build of configuration Debug for project poj1 ****
make pre-build main-build 
a9-linaro-pre-build-step
' '
'Building file: ../src/proj1.c'
'Invoking: ARM v7 gcc compiler'
arm-none-eabi-gcc -Wall -O0 -g3 -c -fmessage-length=0 -MT"src/proj1.o" -mcpu=cortex-a9 -mfpu=vfpv3 -mfloat-abi=hard -I../../standalone_bsp_0/ps7_cortexa9_0/include -MMD -MP -MF"src/proj1.d" -MT"src/proj1.o" -o "src/proj1.o" "../src/proj1.c"
../src/proj1.c: In function 'convolution':
../src/proj1.c:65:7: error: 'c' undeclared (first use in this function)
       c=0;
       ^
../src/proj1.c:65:7: note: each undeclared identifier is reported only once for each function it appears in
../src/proj1.c: In function 'main':
../src/proj1.c:90:28: error: 'MATC_START_ADD' undeclared (first use in this function)
   memC = (unsigned char *)(MATC_START_ADD);
                            ^~~~~~~~~~~~~~
../src/proj1.c:121:64: warning: format '%d' expects a matching 'int' argument [-Wformat=]
    printf("Error: Able to send only %d words (%d) < requested %d\n", nwords, N3*N3*N2); //Nao enviou as 24*24*25 posicoes da matriz
                                                                ^
../src/proj1.c:128:67: warning: format '%d' expects a matching 'int' argument [-Wformat=]
    printf("Error: Able to receive only %d words (%d) < requested %d\n", nwords, N2*N2); //Nao recebou 24*24 posicoes da matriz
                                                                   ^
make: ** [src/proj1.o] Erro 1
16:58:13 **** Auto Build of configuration Debug for project poj1 ****
make pre-build main-build 
a9-linaro-pre-build-step
' '
'Building file: ../src/proj1.c'
'Invoking: ARM v7 gcc compiler'
arm-none-eabi-gcc -Wall -O0 -g3 -c -fmessage-length=0 -MT"src/proj1.o" -mcpu=cortex-a9 -mfpu=vfpv3 -mfloat-abi=hard -I../../standalone_bsp_0/ps7_cortexa9_0/include -MMD -MP -MF"src/proj1.d" -MT"src/proj1.o" -o "src/proj1.o" "../src/proj1.c"
../src/proj1.c: In function 'main':
../src/proj1.c:90:28: error: 'MATC_START_ADD' undeclared (first use in this function)
   memC = (unsigned char *)(MATC_START_ADD);
                            ^~~~~~~~~~~~~~
../src/proj1.c:90:28: note: each undeclared identifier is reported only once for each function it appears in
../src/proj1.c:121:64: warning: format '%d' expects a matching 'int' argument [-Wformat=]
    printf("Error: Able to send only %d words (%d) < requested %d\n", nwords, N3*N3*N2); //Nao enviou as 24*24*25 posicoes da matriz
                                                                ^
../src/proj1.c:128:67: warning: format '%d' expects a matching 'int' argument [-Wformat=]
    printf("Error: Able to receive only %d words (%d) < requested %d\n", nwords, N2*N2); //Nao recebou 24*24 posicoes da matriz
                                                                   ^
make: ** [src/proj1.o] Erro 1
16:58:26 **** Auto Build of configuration Debug for project poj1 ****
make pre-build main-build 
a9-linaro-pre-build-step
' '
'Building file: ../src/proj1.c'
'Invoking: ARM v7 gcc compiler'
arm-none-eabi-gcc -Wall -O0 -g3 -c -fmessage-length=0 -MT"src/proj1.o" -mcpu=cortex-a9 -mfpu=vfpv3 -mfloat-abi=hard -I../../standalone_bsp_0/ps7_cortexa9_0/include -MMD -MP -MF"src/proj1.d" -MT"src/proj1.o" -o "src/proj1.o" "../src/proj1.c"
../src/proj1.c: In function 'main':
../src/proj1.c:121:64: warning: format '%d' expects a matching 'int' argument [-Wformat=]
    printf("Error: Able to send only %d words (%d) < requested %d\n", nwords, N3*N3*N2); //Nao enviou as 24*24*25 posicoes da matriz
                                                                ^
../src/proj1.c:128:67: warning: format '%d' expects a matching 'int' argument [-Wformat=]
    printf("Error: Able to receive only %d words (%d) < requested %d\n", nwords, N2*N2); //Nao recebou 24*24 posicoes da matriz
                                                                   ^
'Finished building: ../src/proj1.c'
' '
'Building target: poj1.elf'
'Invoking: ARM v7 gcc linker'
arm-none-eabi-gcc -mcpu=cortex-a9 -mfpu=vfpv3 -mfloat-abi=hard -Wl,-build-id=none -specs=Xilinx.spec -Wl,-T -Wl,../src/lscript.ld -L../../standalone_bsp_0/ps7_cortexa9_0/lib -o "poj1.elf"  ./src/my_axis_fifo.o ./src/proj1.o   -Wl,--start-group,-lxil,-lgcc,-lc,--end-group
'Finished building target: poj1.elf'
' '
'Invoking: ARM v7 Print Size'
arm-none-eabi-size poj1.elf  |tee "poj1.elf.size"
   text	   data	    bss	    dec	    hex	filename
  79216	   2604	  23456	 105276	  19b3c	poj1.elf
'Finished building: poj1.elf.size'
' '
17:02:00 **** Auto Build of configuration Debug for project poj1 ****
make pre-build main-build 
a9-linaro-pre-build-step
' '
'Building file: ../src/proj1.c'
'Invoking: ARM v7 gcc compiler'
arm-none-eabi-gcc -Wall -O0 -g3 -c -fmessage-length=0 -MT"src/proj1.o" -mcpu=cortex-a9 -mfpu=vfpv3 -mfloat-abi=hard -I../../standalone_bsp_0/ps7_cortexa9_0/include -MMD -MP -MF"src/proj1.d" -MT"src/proj1.o" -o "src/proj1.o" "../src/proj1.c"
../src/proj1.c: In function 'main':
../src/proj1.c:128:67: warning: format '%d' expects a matching 'int' argument [-Wformat=]
    printf("Error: Able to receive only %d words (%d) < requested %d\n", nwords, N2*N2); //Nao recebou 24*24 posicoes da matriz
                                                                   ^
'Finished building: ../src/proj1.c'
' '
'Building target: poj1.elf'
'Invoking: ARM v7 gcc linker'
arm-none-eabi-gcc -mcpu=cortex-a9 -mfpu=vfpv3 -mfloat-abi=hard -Wl,-build-id=none -specs=Xilinx.spec -Wl,-T -Wl,../src/lscript.ld -L../../standalone_bsp_0/ps7_cortexa9_0/lib -o "poj1.elf"  ./src/my_axis_fifo.o ./src/proj1.o   -Wl,--start-group,-lxil,-lgcc,-lc,--end-group
'Finished building target: poj1.elf'
' '
'Invoking: ARM v7 Print Size'
arm-none-eabi-size poj1.elf  |tee "poj1.elf.size"
   text	   data	    bss	    dec	    hex	filename
  79160	   2604	  23456	 105220	  19b04	poj1.elf
'Finished building: poj1.elf.size'
' '
17:02:06 **** Auto Build of configuration Debug for project poj1 ****
make pre-build main-build 
a9-linaro-pre-build-step
' '
'Building file: ../src/proj1.c'
'Invoking: ARM v7 gcc compiler'
arm-none-eabi-gcc -Wall -O0 -g3 -c -fmessage-length=0 -MT"src/proj1.o" -mcpu=cortex-a9 -mfpu=vfpv3 -mfloat-abi=hard -I../../standalone_bsp_0/ps7_cortexa9_0/include -MMD -MP -MF"src/proj1.d" -MT"src/proj1.o" -o "src/proj1.o" "../src/proj1.c"
'Finished building: ../src/proj1.c'
' '
'Building target: poj1.elf'
'Invoking: ARM v7 gcc linker'
arm-none-eabi-gcc -mcpu=cortex-a9 -mfpu=vfpv3 -mfloat-abi=hard -Wl,-build-id=none -specs=Xilinx.spec -Wl,-T -Wl,../src/lscript.ld -L../../standalone_bsp_0/ps7_cortexa9_0/lib -o "poj1.elf"  ./src/my_axis_fifo.o ./src/proj1.o   -Wl,--start-group,-lxil,-lgcc,-lc,--end-group
'Finished building target: poj1.elf'
' '
'Invoking: ARM v7 Print Size'
arm-none-eabi-size poj1.elf  |tee "poj1.elf.size"
   text	   data	    bss	    dec	    hex	filename
  79152	   2604	  23456	 105212	  19afc	poj1.elf
'Finished building: poj1.elf.size'
' '
17:02:35 **** Clean-only build of configuration Debug for project poj1 ****
make clean 
rm -rf  ./src/my_axis_fifo.o ./src/proj1.o  ./src/my_axis_fifo.d ./src/proj1.d  poj1.elf.size  poj1.elf
' '
17:02:36 **** Auto Build of configuration Debug for project poj1 ****
make pre-build main-build 
a9-linaro-pre-build-step
' '
'Building file: ../src/my_axis_fifo.c'
'Invoking: ARM v7 gcc compiler'
arm-none-eabi-gcc -Wall -O0 -g3 -c -fmessage-length=0 -MT"src/my_axis_fifo.o" -mcpu=cortex-a9 -mfpu=vfpv3 -mfloat-abi=hard -I../../standalone_bsp_0/ps7_cortexa9_0/include -MMD -MP -MF"src/my_axis_fifo.d" -MT"src/my_axis_fifo.o" -o "src/my_axis_fifo.o" "../src/my_axis_fifo.c"
'Finished building: ../src/my_axis_fifo.c'
' '
'Building file: ../src/proj1.c'
'Invoking: ARM v7 gcc compiler'
arm-none-eabi-gcc -Wall -O0 -g3 -c -fmessage-length=0 -MT"src/proj1.o" -mcpu=cortex-a9 -mfpu=vfpv3 -mfloat-abi=hard -I../../standalone_bsp_0/ps7_cortexa9_0/include -MMD -MP -MF"src/proj1.d" -MT"src/proj1.o" -o "src/proj1.o" "../src/proj1.c"
'Finished building: ../src/proj1.c'
' '
'Building target: poj1.elf'
'Invoking: ARM v7 gcc linker'
arm-none-eabi-gcc -mcpu=cortex-a9 -mfpu=vfpv3 -mfloat-abi=hard -Wl,-build-id=none -specs=Xilinx.spec -Wl,-T -Wl,../src/lscript.ld -L../../standalone_bsp_0/ps7_cortexa9_0/lib -o "poj1.elf"  ./src/my_axis_fifo.o ./src/proj1.o   -Wl,--start-group,-lxil,-lgcc,-lc,--end-group
'Finished building target: poj1.elf'
' '
'Invoking: ARM v7 Print Size'
arm-none-eabi-size poj1.elf  |tee "poj1.elf.size"
   text	   data	    bss	    dec	    hex	filename
  79152	   2604	  27552	 109308	  1aafc	poj1.elf
'Finished building: poj1.elf.size'
' '
17:04:56 **** Incremental Build of configuration Debug for project poj1 ****
make pre-build main-build 
a9-linaro-pre-build-step
' '
make: Nada a ser feito para `main-build'.
17:05:25 **** Auto Build of configuration Debug for project poj1 ****
make pre-build main-build 
a9-linaro-pre-build-step
' '
'Building file: ../src/proj1.c'
'Invoking: ARM v7 gcc compiler'
arm-none-eabi-gcc -Wall -O0 -g3 -c -fmessage-length=0 -MT"src/proj1.o" -mcpu=cortex-a9 -mfpu=vfpv3 -mfloat-abi=hard -I../../standalone_bsp_0/ps7_cortexa9_0/include -MMD -MP -MF"src/proj1.d" -MT"src/proj1.o" -o "src/proj1.o" "../src/proj1.c"
'Finished building: ../src/proj1.c'
' '
'Building target: poj1.elf'
'Invoking: ARM v7 gcc linker'
arm-none-eabi-gcc -mcpu=cortex-a9 -mfpu=vfpv3 -mfloat-abi=hard -Wl,-build-id=none -specs=Xilinx.spec -Wl,-T -Wl,../src/lscript.ld -L../../standalone_bsp_0/ps7_cortexa9_0/lib -o "poj1.elf"  ./src/my_axis_fifo.o ./src/proj1.o   -Wl,--start-group,-lxil,-lgcc,-lc,--end-group
'Finished building target: poj1.elf'
' '
'Invoking: ARM v7 Print Size'
arm-none-eabi-size poj1.elf  |tee "poj1.elf.size"
   text	   data	    bss	    dec	    hex	filename
  79288	   2604	  27552	 109444	  1ab84	poj1.elf
'Finished building: poj1.elf.size'
' '
17:05:29 **** Auto Build of configuration Debug for project poj1 ****
make pre-build main-build 
a9-linaro-pre-build-step
' '
'Building file: ../src/proj1.c'
'Invoking: ARM v7 gcc compiler'
arm-none-eabi-gcc -Wall -O0 -g3 -c -fmessage-length=0 -MT"src/proj1.o" -mcpu=cortex-a9 -mfpu=vfpv3 -mfloat-abi=hard -I../../standalone_bsp_0/ps7_cortexa9_0/include -MMD -MP -MF"src/proj1.d" -MT"src/proj1.o" -o "src/proj1.o" "../src/proj1.c"
'Finished building: ../src/proj1.c'
' '
'Building target: poj1.elf'
'Invoking: ARM v7 gcc linker'
arm-none-eabi-gcc -mcpu=cortex-a9 -mfpu=vfpv3 -mfloat-abi=hard -Wl,-build-id=none -specs=Xilinx.spec -Wl,-T -Wl,../src/lscript.ld -L../../standalone_bsp_0/ps7_cortexa9_0/lib -o "poj1.elf"  ./src/my_axis_fifo.o ./src/proj1.o   -Wl,--start-group,-lxil,-lgcc,-lc,--end-group
'Finished building target: poj1.elf'
' '
'Invoking: ARM v7 Print Size'
arm-none-eabi-size poj1.elf  |tee "poj1.elf.size"
   text	   data	    bss	    dec	    hex	filename
  79288	   2604	  27552	 109444	  1ab84	poj1.elf
'Finished building: poj1.elf.size'
' '
17:05:38 **** Incremental Build of configuration Debug for project poj1 ****
make pre-build main-build 
a9-linaro-pre-build-step
' '
make: Nada a ser feito para `main-build'.
17:07:44 **** Auto Build of configuration Debug for project poj1 ****
make pre-build main-build 
a9-linaro-pre-build-step
' '
'Building file: ../src/proj1.c'
'Invoking: ARM v7 gcc compiler'
arm-none-eabi-gcc -Wall -O0 -g3 -c -fmessage-length=0 -MT"src/proj1.o" -mcpu=cortex-a9 -mfpu=vfpv3 -mfloat-abi=hard -I../../standalone_bsp_0/ps7_cortexa9_0/include -MMD -MP -MF"src/proj1.d" -MT"src/proj1.o" -o "src/proj1.o" "../src/proj1.c"
'Finished building: ../src/proj1.c'
' '
'Building target: poj1.elf'
'Invoking: ARM v7 gcc linker'
arm-none-eabi-gcc -mcpu=cortex-a9 -mfpu=vfpv3 -mfloat-abi=hard -Wl,-build-id=none -specs=Xilinx.spec -Wl,-T -Wl,../src/lscript.ld -L../../standalone_bsp_0/ps7_cortexa9_0/lib -o "poj1.elf"  ./src/my_axis_fifo.o ./src/proj1.o   -Wl,--start-group,-lxil,-lgcc,-lc,--end-group
'Finished building target: poj1.elf'
' '
'Invoking: ARM v7 Print Size'
arm-none-eabi-size poj1.elf  |tee "poj1.elf.size"
   text	   data	    bss	    dec	    hex	filename
  79368	   2604	  27552	 109524	  1abd4	poj1.elf
'Finished building: poj1.elf.size'
' '
17:07:50 **** Incremental Build of configuration Debug for project poj1 ****
make pre-build main-build 
a9-linaro-pre-build-step
' '
make: Nada a ser feito para `main-build'.
17:08:46 **** Auto Build of configuration Debug for project poj1 ****
make pre-build main-build 
a9-linaro-pre-build-step
' '
'Building file: ../src/proj1.c'
'Invoking: ARM v7 gcc compiler'
arm-none-eabi-gcc -Wall -O0 -g3 -c -fmessage-length=0 -MT"src/proj1.o" -mcpu=cortex-a9 -mfpu=vfpv3 -mfloat-abi=hard -I../../standalone_bsp_0/ps7_cortexa9_0/include -MMD -MP -MF"src/proj1.d" -MT"src/proj1.o" -o "src/proj1.o" "../src/proj1.c"
'Finished building: ../src/proj1.c'
' '
'Building target: poj1.elf'
'Invoking: ARM v7 gcc linker'
arm-none-eabi-gcc -mcpu=cortex-a9 -mfpu=vfpv3 -mfloat-abi=hard -Wl,-build-id=none -specs=Xilinx.spec -Wl,-T -Wl,../src/lscript.ld -L../../standalone_bsp_0/ps7_cortexa9_0/lib -o "poj1.elf"  ./src/my_axis_fifo.o ./src/proj1.o   -Wl,--start-group,-lxil,-lgcc,-lc,--end-group
'Finished building target: poj1.elf'
' '
'Invoking: ARM v7 Print Size'
arm-none-eabi-size poj1.elf  |tee "poj1.elf.size"
   text	   data	    bss	    dec	    hex	filename
  79368	   2604	  27552	 109524	  1abd4	poj1.elf
'Finished building: poj1.elf.size'
' '
17:09:00 **** Auto Build of configuration Debug for project poj1 ****
make pre-build main-build 
a9-linaro-pre-build-step
' '
'Building file: ../src/proj1.c'
'Invoking: ARM v7 gcc compiler'
arm-none-eabi-gcc -Wall -O0 -g3 -c -fmessage-length=0 -MT"src/proj1.o" -mcpu=cortex-a9 -mfpu=vfpv3 -mfloat-abi=hard -I../../standalone_bsp_0/ps7_cortexa9_0/include -MMD -MP -MF"src/proj1.d" -MT"src/proj1.o" -o "src/proj1.o" "../src/proj1.c"
'Finished building: ../src/proj1.c'
' '
'Building target: poj1.elf'
'Invoking: ARM v7 gcc linker'
arm-none-eabi-gcc -mcpu=cortex-a9 -mfpu=vfpv3 -mfloat-abi=hard -Wl,-build-id=none -specs=Xilinx.spec -Wl,-T -Wl,../src/lscript.ld -L../../standalone_bsp_0/ps7_cortexa9_0/lib -o "poj1.elf"  ./src/my_axis_fifo.o ./src/proj1.o   -Wl,--start-group,-lxil,-lgcc,-lc,--end-group
'Finished building target: poj1.elf'
' '
'Invoking: ARM v7 Print Size'
arm-none-eabi-size poj1.elf  |tee "poj1.elf.size"
   text	   data	    bss	    dec	    hex	filename
  79368	   2604	  27552	 109524	  1abd4	poj1.elf
'Finished building: poj1.elf.size'
' '
17:09:03 **** Incremental Build of configuration Debug for project poj1 ****
make pre-build main-build 
a9-linaro-pre-build-step
' '
make: Nada a ser feito para `main-build'.
17:09:32 **** Auto Build of configuration Debug for project poj1 ****
make pre-build main-build 
a9-linaro-pre-build-step
' '
'Building file: ../src/proj1.c'
'Invoking: ARM v7 gcc compiler'
arm-none-eabi-gcc -Wall -O0 -g3 -c -fmessage-length=0 -MT"src/proj1.o" -mcpu=cortex-a9 -mfpu=vfpv3 -mfloat-abi=hard -I../../standalone_bsp_0/ps7_cortexa9_0/include -MMD -MP -MF"src/proj1.d" -MT"src/proj1.o" -o "src/proj1.o" "../src/proj1.c"
'Finished building: ../src/proj1.c'
' '
'Building target: poj1.elf'
'Invoking: ARM v7 gcc linker'
arm-none-eabi-gcc -mcpu=cortex-a9 -mfpu=vfpv3 -mfloat-abi=hard -Wl,-build-id=none -specs=Xilinx.spec -Wl,-T -Wl,../src/lscript.ld -L../../standalone_bsp_0/ps7_cortexa9_0/lib -o "poj1.elf"  ./src/my_axis_fifo.o ./src/proj1.o   -Wl,--start-group,-lxil,-lgcc,-lc,--end-group
'Finished building target: poj1.elf'
' '
'Invoking: ARM v7 Print Size'
arm-none-eabi-size poj1.elf  |tee "poj1.elf.size"
   text	   data	    bss	    dec	    hex	filename
  79368	   2604	  27552	 109524	  1abd4	poj1.elf
'Finished building: poj1.elf.size'
' '
17:10:06 **** Auto Build of configuration Debug for project poj1 ****
make pre-build main-build 
a9-linaro-pre-build-step
' '
'Building file: ../src/proj1.c'
'Invoking: ARM v7 gcc compiler'
arm-none-eabi-gcc -Wall -O0 -g3 -c -fmessage-length=0 -MT"src/proj1.o" -mcpu=cortex-a9 -mfpu=vfpv3 -mfloat-abi=hard -I../../standalone_bsp_0/ps7_cortexa9_0/include -MMD -MP -MF"src/proj1.d" -MT"src/proj1.o" -o "src/proj1.o" "../src/proj1.c"
'Finished building: ../src/proj1.c'
' '
'Building target: poj1.elf'
'Invoking: ARM v7 gcc linker'
arm-none-eabi-gcc -mcpu=cortex-a9 -mfpu=vfpv3 -mfloat-abi=hard -Wl,-build-id=none -specs=Xilinx.spec -Wl,-T -Wl,../src/lscript.ld -L../../standalone_bsp_0/ps7_cortexa9_0/lib -o "poj1.elf"  ./src/my_axis_fifo.o ./src/proj1.o   -Wl,--start-group,-lxil,-lgcc,-lc,--end-group
'Finished building target: poj1.elf'
' '
'Invoking: ARM v7 Print Size'
arm-none-eabi-size poj1.elf  |tee "poj1.elf.size"
   text	   data	    bss	    dec	    hex	filename
  79456	   2604	  27552	 109612	  1ac2c	poj1.elf
'Finished building: poj1.elf.size'
' '
17:10:09 **** Incremental Build of configuration Debug for project poj1 ****
make pre-build main-build 
a9-linaro-pre-build-step
' '
make: Nada a ser feito para `main-build'.
17:10:30 **** Auto Build of configuration Debug for project poj1 ****
make pre-build main-build 
a9-linaro-pre-build-step
' '
'Building file: ../src/proj1.c'
'Invoking: ARM v7 gcc compiler'
arm-none-eabi-gcc -Wall -O0 -g3 -c -fmessage-length=0 -MT"src/proj1.o" -mcpu=cortex-a9 -mfpu=vfpv3 -mfloat-abi=hard -I../../standalone_bsp_0/ps7_cortexa9_0/include -MMD -MP -MF"src/proj1.d" -MT"src/proj1.o" -o "src/proj1.o" "../src/proj1.c"
'Finished building: ../src/proj1.c'
' '
'Building target: poj1.elf'
'Invoking: ARM v7 gcc linker'
arm-none-eabi-gcc -mcpu=cortex-a9 -mfpu=vfpv3 -mfloat-abi=hard -Wl,-build-id=none -specs=Xilinx.spec -Wl,-T -Wl,../src/lscript.ld -L../../standalone_bsp_0/ps7_cortexa9_0/lib -o "poj1.elf"  ./src/my_axis_fifo.o ./src/proj1.o   -Wl,--start-group,-lxil,-lgcc,-lc,--end-group
'Finished building target: poj1.elf'
' '
'Invoking: ARM v7 Print Size'
arm-none-eabi-size poj1.elf  |tee "poj1.elf.size"
   text	   data	    bss	    dec	    hex	filename
  79368	   2604	  27552	 109524	  1abd4	poj1.elf
'Finished building: poj1.elf.size'
' '
17:11:00 **** Auto Build of configuration Debug for project poj1 ****
make pre-build main-build 
a9-linaro-pre-build-step
' '
'Building file: ../src/proj1.c'
'Invoking: ARM v7 gcc compiler'
arm-none-eabi-gcc -Wall -O0 -g3 -c -fmessage-length=0 -MT"src/proj1.o" -mcpu=cortex-a9 -mfpu=vfpv3 -mfloat-abi=hard -I../../standalone_bsp_0/ps7_cortexa9_0/include -MMD -MP -MF"src/proj1.d" -MT"src/proj1.o" -o "src/proj1.o" "../src/proj1.c"
'Finished building: ../src/proj1.c'
' '
'Building target: poj1.elf'
'Invoking: ARM v7 gcc linker'
arm-none-eabi-gcc -mcpu=cortex-a9 -mfpu=vfpv3 -mfloat-abi=hard -Wl,-build-id=none -specs=Xilinx.spec -Wl,-T -Wl,../src/lscript.ld -L../../standalone_bsp_0/ps7_cortexa9_0/lib -o "poj1.elf"  ./src/my_axis_fifo.o ./src/proj1.o   -Wl,--start-group,-lxil,-lgcc,-lc,--end-group
'Finished building target: poj1.elf'
' '
'Invoking: ARM v7 Print Size'
arm-none-eabi-size poj1.elf  |tee "poj1.elf.size"
   text	   data	    bss	    dec	    hex	filename
  79296	   2604	  27552	 109452	  1ab8c	poj1.elf
'Finished building: poj1.elf.size'
' '
17:11:15 **** Auto Build of configuration Debug for project poj1 ****
make pre-build main-build 
a9-linaro-pre-build-step
' '
'Building file: ../src/proj1.c'
'Invoking: ARM v7 gcc compiler'
arm-none-eabi-gcc -Wall -O0 -g3 -c -fmessage-length=0 -MT"src/proj1.o" -mcpu=cortex-a9 -mfpu=vfpv3 -mfloat-abi=hard -I../../standalone_bsp_0/ps7_cortexa9_0/include -MMD -MP -MF"src/proj1.d" -MT"src/proj1.o" -o "src/proj1.o" "../src/proj1.c"
'Finished building: ../src/proj1.c'
' '
'Building target: poj1.elf'
'Invoking: ARM v7 gcc linker'
arm-none-eabi-gcc -mcpu=cortex-a9 -mfpu=vfpv3 -mfloat-abi=hard -Wl,-build-id=none -specs=Xilinx.spec -Wl,-T -Wl,../src/lscript.ld -L../../standalone_bsp_0/ps7_cortexa9_0/lib -o "poj1.elf"  ./src/my_axis_fifo.o ./src/proj1.o   -Wl,--start-group,-lxil,-lgcc,-lc,--end-group
'Finished building target: poj1.elf'
' '
'Invoking: ARM v7 Print Size'
arm-none-eabi-size poj1.elf  |tee "poj1.elf.size"
   text	   data	    bss	    dec	    hex	filename
  79368	   2604	  27552	 109524	  1abd4	poj1.elf
'Finished building: poj1.elf.size'
' '
17:11:16 **** Incremental Build of configuration Debug for project poj1 ****
make pre-build main-build 
a9-linaro-pre-build-step
' '
make: Nada a ser feito para `main-build'.
17:11:47 **** Auto Build of configuration Debug for project poj1 ****
make pre-build main-build 
a9-linaro-pre-build-step
' '
'Building file: ../src/proj1.c'
'Invoking: ARM v7 gcc compiler'
arm-none-eabi-gcc -Wall -O0 -g3 -c -fmessage-length=0 -MT"src/proj1.o" -mcpu=cortex-a9 -mfpu=vfpv3 -mfloat-abi=hard -I../../standalone_bsp_0/ps7_cortexa9_0/include -MMD -MP -MF"src/proj1.d" -MT"src/proj1.o" -o "src/proj1.o" "../src/proj1.c"
'Finished building: ../src/proj1.c'
' '
'Building target: poj1.elf'
'Invoking: ARM v7 gcc linker'
arm-none-eabi-gcc -mcpu=cortex-a9 -mfpu=vfpv3 -mfloat-abi=hard -Wl,-build-id=none -specs=Xilinx.spec -Wl,-T -Wl,../src/lscript.ld -L../../standalone_bsp_0/ps7_cortexa9_0/lib -o "poj1.elf"  ./src/my_axis_fifo.o ./src/proj1.o   -Wl,--start-group,-lxil,-lgcc,-lc,--end-group
'Finished building target: poj1.elf'
' '
'Invoking: ARM v7 Print Size'
arm-none-eabi-size poj1.elf  |tee "poj1.elf.size"
   text	   data	    bss	    dec	    hex	filename
  79368	   2604	  27552	 109524	  1abd4	poj1.elf
'Finished building: poj1.elf.size'
' '
17:11:49 **** Incremental Build of configuration Debug for project poj1 ****
make pre-build main-build 
a9-linaro-pre-build-step
' '
make: Nada a ser feito para `main-build'.
17:12:07 **** Auto Build of configuration Debug for project poj1 ****
make pre-build main-build 
a9-linaro-pre-build-step
' '
'Building file: ../src/proj1.c'
'Invoking: ARM v7 gcc compiler'
arm-none-eabi-gcc -Wall -O0 -g3 -c -fmessage-length=0 -MT"src/proj1.o" -mcpu=cortex-a9 -mfpu=vfpv3 -mfloat-abi=hard -I../../standalone_bsp_0/ps7_cortexa9_0/include -MMD -MP -MF"src/proj1.d" -MT"src/proj1.o" -o "src/proj1.o" "../src/proj1.c"
'Finished building: ../src/proj1.c'
' '
'Building target: poj1.elf'
'Invoking: ARM v7 gcc linker'
arm-none-eabi-gcc -mcpu=cortex-a9 -mfpu=vfpv3 -mfloat-abi=hard -Wl,-build-id=none -specs=Xilinx.spec -Wl,-T -Wl,../src/lscript.ld -L../../standalone_bsp_0/ps7_cortexa9_0/lib -o "poj1.elf"  ./src/my_axis_fifo.o ./src/proj1.o   -Wl,--start-group,-lxil,-lgcc,-lc,--end-group
'Finished building target: poj1.elf'
' '
'Invoking: ARM v7 Print Size'
arm-none-eabi-size poj1.elf  |tee "poj1.elf.size"
   text	   data	    bss	    dec	    hex	filename
  79368	   2604	  27552	 109524	  1abd4	poj1.elf
'Finished building: poj1.elf.size'
' '
17:12:09 **** Incremental Build of configuration Debug for project poj1 ****
make pre-build main-build 
a9-linaro-pre-build-step
' '
make: Nada a ser feito para `main-build'.
17:12:40 **** Auto Build of configuration Debug for project poj1 ****
make pre-build main-build 
a9-linaro-pre-build-step
' '
'Building file: ../src/proj1.c'
'Invoking: ARM v7 gcc compiler'
arm-none-eabi-gcc -Wall -O0 -g3 -c -fmessage-length=0 -MT"src/proj1.o" -mcpu=cortex-a9 -mfpu=vfpv3 -mfloat-abi=hard -I../../standalone_bsp_0/ps7_cortexa9_0/include -MMD -MP -MF"src/proj1.d" -MT"src/proj1.o" -o "src/proj1.o" "../src/proj1.c"
'Finished building: ../src/proj1.c'
' '
'Building target: poj1.elf'
'Invoking: ARM v7 gcc linker'
arm-none-eabi-gcc -mcpu=cortex-a9 -mfpu=vfpv3 -mfloat-abi=hard -Wl,-build-id=none -specs=Xilinx.spec -Wl,-T -Wl,../src/lscript.ld -L../../standalone_bsp_0/ps7_cortexa9_0/lib -o "poj1.elf"  ./src/my_axis_fifo.o ./src/proj1.o   -Wl,--start-group,-lxil,-lgcc,-lc,--end-group
'Finished building target: poj1.elf'
' '
'Invoking: ARM v7 Print Size'
arm-none-eabi-size poj1.elf  |tee "poj1.elf.size"
   text	   data	    bss	    dec	    hex	filename
  79456	   2604	  27552	 109612	  1ac2c	poj1.elf
'Finished building: poj1.elf.size'
' '
17:12:48 **** Incremental Build of configuration Debug for project poj1 ****
make pre-build main-build 
a9-linaro-pre-build-step
' '
make: Nada a ser feito para `main-build'.
17:13:12 **** Auto Build of configuration Debug for project poj1 ****
make pre-build main-build 
a9-linaro-pre-build-step
' '
'Building file: ../src/proj1.c'
'Invoking: ARM v7 gcc compiler'
arm-none-eabi-gcc -Wall -O0 -g3 -c -fmessage-length=0 -MT"src/proj1.o" -mcpu=cortex-a9 -mfpu=vfpv3 -mfloat-abi=hard -I../../standalone_bsp_0/ps7_cortexa9_0/include -MMD -MP -MF"src/proj1.d" -MT"src/proj1.o" -o "src/proj1.o" "../src/proj1.c"
'Finished building: ../src/proj1.c'
' '
'Building target: poj1.elf'
'Invoking: ARM v7 gcc linker'
arm-none-eabi-gcc -mcpu=cortex-a9 -mfpu=vfpv3 -mfloat-abi=hard -Wl,-build-id=none -specs=Xilinx.spec -Wl,-T -Wl,../src/lscript.ld -L../../standalone_bsp_0/ps7_cortexa9_0/lib -o "poj1.elf"  ./src/my_axis_fifo.o ./src/proj1.o   -Wl,--start-group,-lxil,-lgcc,-lc,--end-group
'Finished building target: poj1.elf'
' '
'Invoking: ARM v7 Print Size'
arm-none-eabi-size poj1.elf  |tee "poj1.elf.size"
   text	   data	    bss	    dec	    hex	filename
  79456	   2604	  27552	 109612	  1ac2c	poj1.elf
'Finished building: poj1.elf.size'
' '
17:14:20 **** Auto Build of configuration Debug for project poj1 ****
make pre-build main-build 
a9-linaro-pre-build-step
' '
'Building file: ../src/proj1.c'
'Invoking: ARM v7 gcc compiler'
arm-none-eabi-gcc -Wall -O0 -g3 -c -fmessage-length=0 -MT"src/proj1.o" -mcpu=cortex-a9 -mfpu=vfpv3 -mfloat-abi=hard -I../../standalone_bsp_0/ps7_cortexa9_0/include -MMD -MP -MF"src/proj1.d" -MT"src/proj1.o" -o "src/proj1.o" "../src/proj1.c"
'Finished building: ../src/proj1.c'
' '
'Building target: poj1.elf'
'Invoking: ARM v7 gcc linker'
arm-none-eabi-gcc -mcpu=cortex-a9 -mfpu=vfpv3 -mfloat-abi=hard -Wl,-build-id=none -specs=Xilinx.spec -Wl,-T -Wl,../src/lscript.ld -L../../standalone_bsp_0/ps7_cortexa9_0/lib -o "poj1.elf"  ./src/my_axis_fifo.o ./src/proj1.o   -Wl,--start-group,-lxil,-lgcc,-lc,--end-group
'Finished building target: poj1.elf'
' '
'Invoking: ARM v7 Print Size'
arm-none-eabi-size poj1.elf  |tee "poj1.elf.size"
   text	   data	    bss	    dec	    hex	filename
  79456	   2604	  27552	 109612	  1ac2c	poj1.elf
'Finished building: poj1.elf.size'
' '
17:14:22 **** Incremental Build of configuration Debug for project poj1 ****
make pre-build main-build 
a9-linaro-pre-build-step
' '
make: Nada a ser feito para `main-build'.
17:14:29 **** Incremental Build of configuration Debug for project poj1 ****
make pre-build main-build 
a9-linaro-pre-build-step
' '
make: Nada a ser feito para `main-build'.
17:14:46 **** Auto Build of configuration Debug for project poj1 ****
make pre-build main-build 
a9-linaro-pre-build-step
' '
'Building file: ../src/proj1.c'
'Invoking: ARM v7 gcc compiler'
arm-none-eabi-gcc -Wall -O0 -g3 -c -fmessage-length=0 -MT"src/proj1.o" -mcpu=cortex-a9 -mfpu=vfpv3 -mfloat-abi=hard -I../../standalone_bsp_0/ps7_cortexa9_0/include -MMD -MP -MF"src/proj1.d" -MT"src/proj1.o" -o "src/proj1.o" "../src/proj1.c"
../src/proj1.c: In function 'main':
../src/proj1.c:115:7: error: redefinition of 'i'
   int i=0;
       ^
../src/proj1.c:99:7: note: previous definition of 'i' was here
   int i=0;
       ^
make: ** [src/proj1.o] Erro 1
17:14:48 **** Incremental Build of configuration Debug for project poj1 ****
make pre-build main-build 
a9-linaro-pre-build-step
' '
'Building file: ../src/proj1.c'
'Invoking: ARM v7 gcc compiler'
arm-none-eabi-gcc -Wall -O0 -g3 -c -fmessage-length=0 -MT"src/proj1.o" -mcpu=cortex-a9 -mfpu=vfpv3 -mfloat-abi=hard -I../../standalone_bsp_0/ps7_cortexa9_0/include -MMD -MP -MF"src/proj1.d" -MT"src/proj1.o" -o "src/proj1.o" "../src/proj1.c"
../src/proj1.c: In function 'main':
../src/proj1.c:115:7: error: redefinition of 'i'
   int i=0;
       ^
../src/proj1.c:99:7: note: previous definition of 'i' was here
   int i=0;
       ^
make: ** [src/proj1.o] Erro 1
17:14:54 **** Auto Build of configuration Debug for project poj1 ****
make pre-build main-build 
a9-linaro-pre-build-step
' '
'Building file: ../src/proj1.c'
'Invoking: ARM v7 gcc compiler'
arm-none-eabi-gcc -Wall -O0 -g3 -c -fmessage-length=0 -MT"src/proj1.o" -mcpu=cortex-a9 -mfpu=vfpv3 -mfloat-abi=hard -I../../standalone_bsp_0/ps7_cortexa9_0/include -MMD -MP -MF"src/proj1.d" -MT"src/proj1.o" -o "src/proj1.o" "../src/proj1.c"
'Finished building: ../src/proj1.c'
' '
'Building target: poj1.elf'
'Invoking: ARM v7 gcc linker'
arm-none-eabi-gcc -mcpu=cortex-a9 -mfpu=vfpv3 -mfloat-abi=hard -Wl,-build-id=none -specs=Xilinx.spec -Wl,-T -Wl,../src/lscript.ld -L../../standalone_bsp_0/ps7_cortexa9_0/lib -o "poj1.elf"  ./src/my_axis_fifo.o ./src/proj1.o   -Wl,--start-group,-lxil,-lgcc,-lc,--end-group
'Finished building target: poj1.elf'
' '
'Invoking: ARM v7 Print Size'
arm-none-eabi-size poj1.elf  |tee "poj1.elf.size"
   text	   data	    bss	    dec	    hex	filename
  79520	   2604	  27552	 109676	  1ac6c	poj1.elf
'Finished building: poj1.elf.size'
' '
17:14:56 **** Incremental Build of configuration Debug for project poj1 ****
make pre-build main-build 
a9-linaro-pre-build-step
' '
make: Nada a ser feito para `main-build'.
17:22:02 **** Auto Build of configuration Debug for project poj1 ****
make pre-build main-build 
a9-linaro-pre-build-step
' '
'Building file: ../src/proj1.c'
'Invoking: ARM v7 gcc compiler'
arm-none-eabi-gcc -Wall -O0 -g3 -c -fmessage-length=0 -MT"src/proj1.o" -mcpu=cortex-a9 -mfpu=vfpv3 -mfloat-abi=hard -I../../standalone_bsp_0/ps7_cortexa9_0/include -MMD -MP -MF"src/proj1.d" -MT"src/proj1.o" -o "src/proj1.o" "../src/proj1.c"
'Finished building: ../src/proj1.c'
' '
'Building target: poj1.elf'
'Invoking: ARM v7 gcc linker'
arm-none-eabi-gcc -mcpu=cortex-a9 -mfpu=vfpv3 -mfloat-abi=hard -Wl,-build-id=none -specs=Xilinx.spec -Wl,-T -Wl,../src/lscript.ld -L../../standalone_bsp_0/ps7_cortexa9_0/lib -o "poj1.elf"  ./src/my_axis_fifo.o ./src/proj1.o   -Wl,--start-group,-lxil,-lgcc,-lc,--end-group
'Finished building target: poj1.elf'
' '
'Invoking: ARM v7 Print Size'
arm-none-eabi-size poj1.elf  |tee "poj1.elf.size"
   text	   data	    bss	    dec	    hex	filename
  79712	   2604	  27552	 109868	  1ad2c	poj1.elf
'Finished building: poj1.elf.size'
' '
17:22:13 **** Incremental Build of configuration Debug for project poj1 ****
make pre-build main-build 
a9-linaro-pre-build-step
' '
make: Nada a ser feito para `main-build'.
17:23:40 **** Auto Build of configuration Debug for project poj1 ****
make pre-build main-build 
a9-linaro-pre-build-step
' '
'Building file: ../src/proj1.c'
'Invoking: ARM v7 gcc compiler'
arm-none-eabi-gcc -Wall -O0 -g3 -c -fmessage-length=0 -MT"src/proj1.o" -mcpu=cortex-a9 -mfpu=vfpv3 -mfloat-abi=hard -I../../standalone_bsp_0/ps7_cortexa9_0/include -MMD -MP -MF"src/proj1.d" -MT"src/proj1.o" -o "src/proj1.o" "../src/proj1.c"
../src/proj1.c: In function 'main':
../src/proj1.c:160:7: error: 'j' undeclared (first use in this function)
   for(j=0;j<24;j++){
       ^
../src/proj1.c:160:7: note: each undeclared identifier is reported only once for each function it appears in
../src/proj1.c:162:3: error: expected ';' before '}' token
   }
   ^
make: ** [src/proj1.o] Erro 1
17:23:49 **** Auto Build of configuration Debug for project poj1 ****
make pre-build main-build 
a9-linaro-pre-build-step
' '
'Building file: ../src/proj1.c'
'Invoking: ARM v7 gcc compiler'
arm-none-eabi-gcc -Wall -O0 -g3 -c -fmessage-length=0 -MT"src/proj1.o" -mcpu=cortex-a9 -mfpu=vfpv3 -mfloat-abi=hard -I../../standalone_bsp_0/ps7_cortexa9_0/include -MMD -MP -MF"src/proj1.d" -MT"src/proj1.o" -o "src/proj1.o" "../src/proj1.c"
'Finished building: ../src/proj1.c'
' '
'Building target: poj1.elf'
'Invoking: ARM v7 gcc linker'
arm-none-eabi-gcc -mcpu=cortex-a9 -mfpu=vfpv3 -mfloat-abi=hard -Wl,-build-id=none -specs=Xilinx.spec -Wl,-T -Wl,../src/lscript.ld -L../../standalone_bsp_0/ps7_cortexa9_0/lib -o "poj1.elf"  ./src/my_axis_fifo.o ./src/proj1.o   -Wl,--start-group,-lxil,-lgcc,-lc,--end-group
'Finished building target: poj1.elf'
' '
'Invoking: ARM v7 Print Size'
arm-none-eabi-size poj1.elf  |tee "poj1.elf.size"
   text	   data	    bss	    dec	    hex	filename
  79712	   2604	  27552	 109868	  1ad2c	poj1.elf
'Finished building: poj1.elf.size'
' '
17:23:51 **** Incremental Build of configuration Debug for project poj1 ****
make pre-build main-build 
a9-linaro-pre-build-step
' '
make: Nada a ser feito para `main-build'.
17:25:42 **** Auto Build of configuration Debug for project poj1 ****
make pre-build main-build 
a9-linaro-pre-build-step
' '
'Building file: ../src/proj1.c'
'Invoking: ARM v7 gcc compiler'
arm-none-eabi-gcc -Wall -O0 -g3 -c -fmessage-length=0 -MT"src/proj1.o" -mcpu=cortex-a9 -mfpu=vfpv3 -mfloat-abi=hard -I../../standalone_bsp_0/ps7_cortexa9_0/include -MMD -MP -MF"src/proj1.d" -MT"src/proj1.o" -o "src/proj1.o" "../src/proj1.c"
../src/proj1.c: In function 'main':
../src/proj1.c:160:7: error: 'j' undeclared (first use in this function)
   for(j=0;j<24;j++){
       ^
../src/proj1.c:160:7: note: each undeclared identifier is reported only once for each function it appears in
make: ** [src/proj1.o] Erro 1
17:26:01 **** Auto Build of configuration Debug for project poj1 ****
make pre-build main-build 
a9-linaro-pre-build-step
' '
'Building file: ../src/proj1.c'
'Invoking: ARM v7 gcc compiler'
arm-none-eabi-gcc -Wall -O0 -g3 -c -fmessage-length=0 -MT"src/proj1.o" -mcpu=cortex-a9 -mfpu=vfpv3 -mfloat-abi=hard -I../../standalone_bsp_0/ps7_cortexa9_0/include -MMD -MP -MF"src/proj1.d" -MT"src/proj1.o" -o "src/proj1.o" "../src/proj1.c"
'Finished building: ../src/proj1.c'
' '
'Building target: poj1.elf'
'Invoking: ARM v7 gcc linker'
arm-none-eabi-gcc -mcpu=cortex-a9 -mfpu=vfpv3 -mfloat-abi=hard -Wl,-build-id=none -specs=Xilinx.spec -Wl,-T -Wl,../src/lscript.ld -L../../standalone_bsp_0/ps7_cortexa9_0/lib -o "poj1.elf"  ./src/my_axis_fifo.o ./src/proj1.o   -Wl,--start-group,-lxil,-lgcc,-lc,--end-group
'Finished building target: poj1.elf'
' '
'Invoking: ARM v7 Print Size'
arm-none-eabi-size poj1.elf  |tee "poj1.elf.size"
   text	   data	    bss	    dec	    hex	filename
  80096	   2604	  27552	 110252	  1aeac	poj1.elf
'Finished building: poj1.elf.size'
' '
17:26:02 **** Incremental Build of configuration Debug for project poj1 ****
make pre-build main-build 
a9-linaro-pre-build-step
' '
make: Nada a ser feito para `main-build'.
17:28:02 **** Auto Build of configuration Debug for project poj1 ****
make pre-build main-build 
a9-linaro-pre-build-step
' '
'Building file: ../src/proj1.c'
'Invoking: ARM v7 gcc compiler'
arm-none-eabi-gcc -Wall -O0 -g3 -c -fmessage-length=0 -MT"src/proj1.o" -mcpu=cortex-a9 -mfpu=vfpv3 -mfloat-abi=hard -I../../standalone_bsp_0/ps7_cortexa9_0/include -MMD -MP -MF"src/proj1.d" -MT"src/proj1.o" -o "src/proj1.o" "../src/proj1.c"
'Finished building: ../src/proj1.c'
' '
'Building target: poj1.elf'
'Invoking: ARM v7 gcc linker'
arm-none-eabi-gcc -mcpu=cortex-a9 -mfpu=vfpv3 -mfloat-abi=hard -Wl,-build-id=none -specs=Xilinx.spec -Wl,-T -Wl,../src/lscript.ld -L../../standalone_bsp_0/ps7_cortexa9_0/lib -o "poj1.elf"  ./src/my_axis_fifo.o ./src/proj1.o   -Wl,--start-group,-lxil,-lgcc,-lc,--end-group
'Finished building target: poj1.elf'
' '
'Invoking: ARM v7 Print Size'
arm-none-eabi-size poj1.elf  |tee "poj1.elf.size"
   text	   data	    bss	    dec	    hex	filename
  79952	   2604	  27552	 110108	  1ae1c	poj1.elf
'Finished building: poj1.elf.size'
' '
17:28:52 **** Auto Build of configuration Debug for project poj1 ****
make pre-build main-build 
a9-linaro-pre-build-step
' '
'Building file: ../src/proj1.c'
'Invoking: ARM v7 gcc compiler'
arm-none-eabi-gcc -Wall -O0 -g3 -c -fmessage-length=0 -MT"src/proj1.o" -mcpu=cortex-a9 -mfpu=vfpv3 -mfloat-abi=hard -I../../standalone_bsp_0/ps7_cortexa9_0/include -MMD -MP -MF"src/proj1.d" -MT"src/proj1.o" -o "src/proj1.o" "../src/proj1.c"
'Finished building: ../src/proj1.c'
' '
'Building target: poj1.elf'
'Invoking: ARM v7 gcc linker'
arm-none-eabi-gcc -mcpu=cortex-a9 -mfpu=vfpv3 -mfloat-abi=hard -Wl,-build-id=none -specs=Xilinx.spec -Wl,-T -Wl,../src/lscript.ld -L../../standalone_bsp_0/ps7_cortexa9_0/lib -o "poj1.elf"  ./src/my_axis_fifo.o ./src/proj1.o   -Wl,--start-group,-lxil,-lgcc,-lc,--end-group
'Finished building target: poj1.elf'
' '
'Invoking: ARM v7 Print Size'
arm-none-eabi-size poj1.elf  |tee "poj1.elf.size"
   text	   data	    bss	    dec	    hex	filename
  79952	   2604	  27552	 110108	  1ae1c	poj1.elf
'Finished building: poj1.elf.size'
' '
17:28:54 **** Incremental Build of configuration Debug for project poj1 ****
make pre-build main-build 
a9-linaro-pre-build-step
' '
make: Nada a ser feito para `main-build'.
17:29:13 **** Auto Build of configuration Debug for project poj1 ****
make pre-build main-build 
a9-linaro-pre-build-step
' '
'Building file: ../src/proj1.c'
'Invoking: ARM v7 gcc compiler'
arm-none-eabi-gcc -Wall -O0 -g3 -c -fmessage-length=0 -MT"src/proj1.o" -mcpu=cortex-a9 -mfpu=vfpv3 -mfloat-abi=hard -I../../standalone_bsp_0/ps7_cortexa9_0/include -MMD -MP -MF"src/proj1.d" -MT"src/proj1.o" -o "src/proj1.o" "../src/proj1.c"
'Finished building: ../src/proj1.c'
' '
'Building target: poj1.elf'
'Invoking: ARM v7 gcc linker'
arm-none-eabi-gcc -mcpu=cortex-a9 -mfpu=vfpv3 -mfloat-abi=hard -Wl,-build-id=none -specs=Xilinx.spec -Wl,-T -Wl,../src/lscript.ld -L../../standalone_bsp_0/ps7_cortexa9_0/lib -o "poj1.elf"  ./src/my_axis_fifo.o ./src/proj1.o   -Wl,--start-group,-lxil,-lgcc,-lc,--end-group
'Finished building target: poj1.elf'
' '
'Invoking: ARM v7 Print Size'
arm-none-eabi-size poj1.elf  |tee "poj1.elf.size"
   text	   data	    bss	    dec	    hex	filename
  79952	   2604	  27552	 110108	  1ae1c	poj1.elf
'Finished building: poj1.elf.size'
' '
17:29:15 **** Incremental Build of configuration Debug for project poj1 ****
make pre-build main-build 
a9-linaro-pre-build-step
' '
make: Nada a ser feito para `main-build'.
17:29:21 **** Incremental Build of configuration Debug for project poj1 ****
make pre-build main-build 
a9-linaro-pre-build-step
' '
make: Nada a ser feito para `main-build'.
17:38:34 **** Auto Build of configuration Debug for project poj1 ****
make pre-build main-build 
a9-linaro-pre-build-step
' '
'Building file: ../src/proj1.c'
'Invoking: ARM v7 gcc compiler'
arm-none-eabi-gcc -Wall -O0 -g3 -c -fmessage-length=0 -MT"src/proj1.o" -mcpu=cortex-a9 -mfpu=vfpv3 -mfloat-abi=hard -I../../standalone_bsp_0/ps7_cortexa9_0/include -MMD -MP -MF"src/proj1.d" -MT"src/proj1.o" -o "src/proj1.o" "../src/proj1.c"
'Finished building: ../src/proj1.c'
' '
'Building target: poj1.elf'
'Invoking: ARM v7 gcc linker'
arm-none-eabi-gcc -mcpu=cortex-a9 -mfpu=vfpv3 -mfloat-abi=hard -Wl,-build-id=none -specs=Xilinx.spec -Wl,-T -Wl,../src/lscript.ld -L../../standalone_bsp_0/ps7_cortexa9_0/lib -o "poj1.elf"  ./src/my_axis_fifo.o ./src/proj1.o   -Wl,--start-group,-lxil,-lgcc,-lc,--end-group
'Finished building target: poj1.elf'
' '
'Invoking: ARM v7 Print Size'
arm-none-eabi-size poj1.elf  |tee "poj1.elf.size"
   text	   data	    bss	    dec	    hex	filename
  79952	   2604	  27552	 110108	  1ae1c	poj1.elf
'Finished building: poj1.elf.size'
' '
17:38:52 **** Auto Build of configuration Debug for project poj1 ****
make pre-build main-build 
a9-linaro-pre-build-step
' '
'Building file: ../src/proj1.c'
'Invoking: ARM v7 gcc compiler'
arm-none-eabi-gcc -Wall -O0 -g3 -c -fmessage-length=0 -MT"src/proj1.o" -mcpu=cortex-a9 -mfpu=vfpv3 -mfloat-abi=hard -I../../standalone_bsp_0/ps7_cortexa9_0/include -MMD -MP -MF"src/proj1.d" -MT"src/proj1.o" -o "src/proj1.o" "../src/proj1.c"
'Finished building: ../src/proj1.c'
' '
'Building target: poj1.elf'
'Invoking: ARM v7 gcc linker'
arm-none-eabi-gcc -mcpu=cortex-a9 -mfpu=vfpv3 -mfloat-abi=hard -Wl,-build-id=none -specs=Xilinx.spec -Wl,-T -Wl,../src/lscript.ld -L../../standalone_bsp_0/ps7_cortexa9_0/lib -o "poj1.elf"  ./src/my_axis_fifo.o ./src/proj1.o   -Wl,--start-group,-lxil,-lgcc,-lc,--end-group
'Finished building target: poj1.elf'
' '
'Invoking: ARM v7 Print Size'
arm-none-eabi-size poj1.elf  |tee "poj1.elf.size"
   text	   data	    bss	    dec	    hex	filename
  79864	   2604	  27552	 110020	  1adc4	poj1.elf
'Finished building: poj1.elf.size'
' '
17:38:53 **** Incremental Build of configuration Debug for project poj1 ****
make pre-build main-build 
a9-linaro-pre-build-step
' '
make: Nada a ser feito para `main-build'.
17:40:23 **** Auto Build of configuration Debug for project poj1 ****
make pre-build main-build 
a9-linaro-pre-build-step
' '
'Building file: ../src/proj1.c'
'Invoking: ARM v7 gcc compiler'
arm-none-eabi-gcc -Wall -O0 -g3 -c -fmessage-length=0 -MT"src/proj1.o" -mcpu=cortex-a9 -mfpu=vfpv3 -mfloat-abi=hard -I../../standalone_bsp_0/ps7_cortexa9_0/include -MMD -MP -MF"src/proj1.d" -MT"src/proj1.o" -o "src/proj1.o" "../src/proj1.c"
'Finished building: ../src/proj1.c'
' '
'Building target: poj1.elf'
'Invoking: ARM v7 gcc linker'
arm-none-eabi-gcc -mcpu=cortex-a9 -mfpu=vfpv3 -mfloat-abi=hard -Wl,-build-id=none -specs=Xilinx.spec -Wl,-T -Wl,../src/lscript.ld -L../../standalone_bsp_0/ps7_cortexa9_0/lib -o "poj1.elf"  ./src/my_axis_fifo.o ./src/proj1.o   -Wl,--start-group,-lxil,-lgcc,-lc,--end-group
'Finished building target: poj1.elf'
' '
'Invoking: ARM v7 Print Size'
arm-none-eabi-size poj1.elf  |tee "poj1.elf.size"
   text	   data	    bss	    dec	    hex	filename
  79864	   2604	  27552	 110020	  1adc4	poj1.elf
'Finished building: poj1.elf.size'
' '
17:40:27 **** Incremental Build of configuration Debug for project poj1 ****
make pre-build main-build 
a9-linaro-pre-build-step
' '
make: Nada a ser feito para `main-build'.
